L	L	L	2	3	3	3	L	L	L	5	L	I	I	I	I	L	L	L	8
L	2	I	I	I	I	S	S	4	L	5	L	6	6	6	7	L	8	T	8
2	2	2	3	3	3	3	S	S	5	5	L	L	S	S	7	10	T	T	T
2	T	T	T	L	L	L	13	T	5	5	S	6	14	S	S	10	10	15	15
16	16	T	16	16	16	L	T	T	T	L	S	S	14	14	I	I	I	I	17
16	16	16	16	S	13	13	13	L	13	L	5	S	L	15	15	20	15	L	17
16	L	L	L	S	S	L	L	L	13	L	L	5	L	L	L	20	15	L	17
16	L	22	23	23	S	23	18	S	13	13	S	S	19	19	S	20	L	L	17
21	21	S	S	L	16	23	S	S	13	L	27	S	S	19	S	S	20	20	L
28	S	S	29	L	L	L	S	29	29	L	L	L	30	19	31	S	L	L	L
28	28	22	29	29	29	29	T	T	T	I	27	S	S	L	L	L	17	17	T
28	T	29	29	S	S	L	29	T	32	I	S	S	31	L	37	S	S	T	T
28	T	T	S	S	36	L	L	L	36	I	38	L	L	39	S	S	33	33	T
L	T	34	34	34	34	T	36	S	32	I	38	L	39	39	39	L	33	33	L
L	28	L	L	L	T	T	36	S	S	44	I	L	38	T	39	L	33	33	L
L	L	28	28	L	43	T	36	36	S	46	I	45	T	T	L	L	42	L	L
28	T	28	28	T	43	I	36	36	L	46	I	46	46	T	51	S	S	52	T
T	T	47	T	T	43	I	36	36	L	46	I	44	L	51	S	S	52	T	T
53	T	53	53	T	43	I	36	L	L	46	46	46	L	L	L	46	46	54	T
I	I	I	I	43	43	I	36	36	36	I	I	I	I	55	55	I	I	I	I