I	34	T	L	L	I	I	I	I	L	L	L	T	T	T
I	T	T	35	L	37	37	37	32	S	38	L	36	T	36
I	34	T	26	L	T	T	T	S	S	T	T	T	S	36
I	L	L	26	T	26	T	32	S	27	24	T	29	S	S
T	25	L	T	T	23	L	L	L	27	T	S	S	29	S
T	T	L	26	T	23	L	27	24	T	T	28	S	S	I
T	23	I	I	I	I	T	T	T	20	T	21	L	19	I
L	L	L	18	T	18	15	T	20	21	L	L	L	19	I
L	17	18	T	T	T	15	I	I	I	I	16	S	S	I
I	I	I	I	10	L	S	S	11	15	T	S	S	14	L
13	10	10	L	L	L	11	S	S	T	T	14	L	L	L
L	10	2	I	2	2	9	T	11	12	T	S	S	6	I
L	L	L	I	3	2	T	T	T	7	L	5	S	S	I
1	T	2	I	3	2	L	4	S	S	L	L	L	5	I
T	T	T	I	L	L	L	S	S	4	5	5	5	5	I