T	1	L	L	I	I	I	I	3	4	L	T	T	T	S	6	L	L	L	8
T	T	L	3	3	9	9	T	T	T	L	5	T	5	S	S	L	8	7	L
T	1	L	2	S	S	L	9	T	4	L	L	S	S	12	S	6	L	L	L
1	S	11	S	S	11	L	S	S	14	14	T	12	S	S	6	6	6	T	17
S	S	L	11	11	L	L	9	S	S	T	T	T	12	12	S	S	T	T	17
S	13	L	T	T	T	20	20	L	22	I	22	L	L	S	S	16	16	T	I
13	L	L	18	T	20	L	L	L	21	I	22	22	L	19	L	L	L	16	I
13	S	25	L	26	S	S	21	T	21	I	29	23	L	T	24	31	L	16	I
S	S	25	L	S	S	27	T	T	21	I	29	L	23	T	T	L	24	24	I
S	32	L	L	26	26	26	33	T	29	L	L	L	34	T	35	L	L	L	36
37	S	26	S	S	26	26	L	L	L	33	34	34	34	I	S	S	35	35	36
37	S	S	32	S	S	39	L	39	40	I	T	T	T	I	34	S	S	L	L
37	37	S	32	42	I	I	I	I	39	I	40	T	34	I	43	L	36	L	45
46	L	L	T	T	T	47	47	L	39	I	34	34	34	I	43	L	36	L	I
46	L	48	48	T	42	L	L	L	39	I	49	34	34	L	43	L	L	36	I
I	L	37	48	48	S	S	51	T	40	40	I	L	L	L	44	44	I	36	I
I	48	L	L	S	S	51	T	T	T	40	I	43	43	S	44	44	I	36	I
I	54	L	54	51	51	51	L	55	L	40	I	43	S	S	L	44	I	36	L
I	54	L	54	54	L	L	L	55	L	40	I	43	S	53	L	52	I	52	L
54	I	I	I	I	56	56	56	L	L	40	43	43	43	53	L	L	57	L	L