T	2	L	L	L	S	3	T	T	T	5	5	6	6	S	8	I	I	I	I
T	T	L	2	10	S	S	11	T	5	5	L	L	S	S	L	12	12	S	9
T	14	14	T	10	10	S	L	L	L	5	L	7	S	16	L	12	I	S	S
1	S	T	T	S	S	3	3	17	L	5	L	5	5	S	L	L	I	13	S
S	S	15	T	10	S	S	T	T	T	L	6	5	S	S	18	18	I	13	L
S	15	15	L	10	17	17	17	T	17	L	L	L	S	21	21	S	I	12	L
14	L	L	L	22	I	I	I	I	17	17	21	21	16	21	S	S	21	L	L
20	20	23	20	S	S	22	22	L	17	21	21	21	21	21	S	21	21	26	26
L	L	L	S	S	25	L	L	L	17	21	L	L	L	I	I	I	I	21	L
L	28	25	25	25	25	17	17	17	17	17	L	29	21	21	30	26	L	L	L
28	28	I	I	I	I	L	L	L	32	T	27	L	L	L	T	26	33	S	34
28	L	L	36	T	31	L	31	S	S	T	T	L	38	39	T	T	S	S	L
28	L	36	T	T	40	41	S	S	32	T	38	38	38	L	T	30	S	34	L
42	L	36	35	T	40	41	41	T	41	41	S	L	L	L	30	39	39	L	L
42	35	35	35	43	L	L	T	T	T	S	S	39	T	39	39	39	39	34	T
42	I	I	I	I	L	46	46	S	38	S	38	T	T	39	L	L	L	T	T
I	42	L	49	49	L	46	S	S	I	38	L	51	T	39	L	52	52	52	T
I	42	L	46	L	46	46	S	47	I	38	L	L	L	39	48	I	I	I	I
I	L	L	49	L	T	T	T	47	I	38	51	T	51	T	T	T	52	52	L
I	46	46	L	L	53	T	47	47	I	38	T	T	T	54	T	56	L	L	L