T	2	L	L	2	2	2	3	4	4	T	5	L	S	S	8	L	L	L	9
T	T	1	L	T	T	T	L	L	4	T	T	L	6	S	S	T	11	L	9
T	2	1	L	2	T	3	L	4	4	T	5	L	L	7	7	T	T	9	9
L	2	2	2	T	3	3	L	4	14	L	L	15	T	7	7	T	9	L	16
L	L	L	T	T	T	I	I	I	I	L	15	T	T	T	7	L	L	L	16
17	17	17	17	17	17	17	18	L	4	L	14	L	15	L	9	9	9	I	16
I	21	I	I	I	I	L	L	L	4	I	14	L	15	L	L	L	9	I	9
I	21	21	L	23	23	23	18	T	4	I	14	L	L	20	20	T	9	I	9
I	L	L	L	26	23	L	T	T	4	I	14	27	T	20	T	T	9	I	9
I	21	21	28	L	L	L	29	T	4	I	14	T	T	T	30	T	9	9	9
L	L	T	28	S	29	29	29	29	4	4	14	30	27	S	S	L	9	9	33
L	34	T	T	S	S	L	L	L	36	T	30	30	S	S	30	L	L	L	33
L	34	T	34	34	S	29	29	L	36	T	T	L	L	30	S	S	33	S	S
S	34	L	L	34	T	42	29	T	36	T	37	L	38	S	S	33	S	S	43
S	S	44	L	T	T	42	T	T	36	36	T	L	39	39	L	33	33	T	43
44	S	44	L	47	T	I	48	T	L	T	T	38	38	39	L	43	T	T	T
L	L	L	44	S	41	I	48	48	L	36	T	38	38	39	L	L	43	43	L
T	44	L	S	S	41	I	51	L	L	39	L	38	38	39	T	46	L	L	L
T	T	54	S	48	48	I	L	36	39	39	L	L	L	39	T	T	49	T	49
T	54	I	I	I	I	48	L	L	L	39	39	39	39	39	T	55	T	T	T